Code tree: 
block
  print
    3
Code size: 19 bytes.
Code execution:
3

