Code tree: 
+ (add)
  + (add)
    ^ (pow)
      3
      2
    ^ (pow)
      2
      2
  ^ (pow)
    - (neg)
      5
    3
Code size: 55 bytes.
Code execution:
0

Code tree: 
^ (pow)
  2
  ^ (pow)
    3
    2
Code size: 22 bytes.
Code execution:
2

Code tree: 
^ (pow)
  ^ (pow)
    2
    3
  2
Code size: 22 bytes.
Code execution:
2

Code tree: 
/ (div)
  * (mult)
    5
    ^ (pow)
      3
      * (mult)
        - (neg)
          6
        - (neg)
          2
  ^ (pow)
    2
    + (add)
      1
      1
Code size: 75 bytes.
Code execution:
7

