Code tree: 
+
  5
  7
Code size: 15 bytes.
Code execution:
12

Code tree: 
+
  8
  3
Code size: 15 bytes.
Code execution:
11

Code tree: 
+
  6
  4
Code size: 15 bytes.
Code execution:
10

Code tree: 
+
  5
  9
Code size: 15 bytes.
Code execution:
14

Code tree: 
+
  +
    1
    2
  3
Code size: 24 bytes.
Code execution:
6

Code tree: 
+
  1
  +
    2
    3
Code size: 24 bytes.
Code execution:
6

Code tree: 
+
  4
  5
Code size: 15 bytes.
Code execution:
9

Parse Failed - Restarting
