Code tree: 
statement block
  variable: a
  variable: b
  variable: c
Code size: 43 bytes.
Code execution:


