Code tree: 
block
  print
    Hello,
     World!
Code size: 49 bytes.
Code execution:
Hello, World!

