Code tree: 
5
Code size: 6 bytes.
Code execution:
5

