Code tree: 
5
Code size: 6 bytes.
Code execution:
5

Code tree: 
3
Code size: 6 bytes.
Code execution:
3

Code tree: 
42
Code size: 6 bytes.
Code execution:
42

