Code tree: 
statement block
  variable: a
  print
    Please input a value: 
  read
    variable: a
  print
    a doubled: 
    * (mult)
      2
      variable: a
Code size: 121 bytes.
Code execution:
Please input a value: 234987
a doubled: 469974

