Code tree: 
block
  print
    print_i
      +
        3
        4
Code size: 29 bytes.
Code execution:
7

