Code tree: 
block
  print
    Hello
Code size: 25 bytes.
Code execution:
Hello

