Code tree: 
5
Code size: 8 bytes.
Code execution:
5

Code tree: 
3
Code size: 8 bytes.
Code execution:
3

Code tree: 
42
Code size: 8 bytes.
Code execution:
42

Code tree: 
17
Code size: 8 bytes.
Code execution:
17

